// Jest Snapshot v1, https://goo.gl/fbAQLP

exports[`Home Component renders as expected 1`] = `
<MainLayout>
  <PageHeading
    title="Time Series Dashboard"
  />
  <div
    className="pt-4"
  >
    <Connect(TimeSeries) />
  </div>
</MainLayout>
`;
