// Jest Snapshot v1, https://goo.gl/fbAQLP

exports[`StreamCard Component renders as expected 1`] = `
<div
  className="card shadow-lg"
>
  <div
    className="stream-media"
  >
    <img
      className="card-img-top img-fluid"
    />
  </div>
  <div
    className="card-title pt-3"
  >
    <p
      className="title float-left w-75"
    />
    <p
      className="views float-right"
    >
      <span
        className="fa fa-eye"
      />
      <span
        className="pl-2 view-number"
      />
    </p>
  </div>
  <div
    className="card-overlay"
  >
    <p
      className="provider"
    >
      <strong>
        Provider
      </strong>
       : 
      <span />
    </p>
    <p
      className="desc"
    />
  </div>
</div>
`;
